      Name: a
      Rank: 2
Dimensions: 2 x 4
Class Type: Character Array
 Data Type: Unicode UTF-16 Encoded Character Data
{
بجلی
điện
}
