2 + 52i    11 + 61i
4 + 54i    13 + 63i
2 + 52i    11 + 61i
4 + 54i    13 + 63i
