      Name: struct1
      Rank: 2
Class Type: Structure
Fields[2] {
16 
32 
}
