1 + 21i    17 + 37i
4 + 24i    20 + 40i
1 + 21i    17 + 37i
4 + 24i    20 + 40i
