      Name: a
      Rank: 2
Dimensions: 2 x 4
Class Type: Character Array
 Data Type: 16-bit, unsigned integer
{
بجلی
điện
}
